C51 COMPILER V9.60.7.0   FLASH                                                             09/06/2025 12:39:13 PAGE 1   


C51 COMPILER V9.60.7.0, COMPILATION OF MODULE FLASH
OBJECT MODULE PLACED IN .\Objects\flash.obj
COMPILER INVOKED BY: C:\Keil_v5\C51\BIN\C51.EXE flash.c OPTIMIZE(8,SPEED) BROWSE INCDIR(.\Source;.\Source;.\Source\Buzze
                    -r;.\Source\CHRG;.\Source\KEY;.\Source\Timer;.\Source\IIC;.\Source\USER;.\Source\SYS;.\Source\UART;.\Source\LCD;.\Source\
                    -LED;.\Source\INC;.\Source\InfraRed;.\Source\ISP;.\Source\WS2811;.\Source\RF;.\Hardware\SN8F5702_Hardware\inc;.\Source\AH
                    -T10) DEBUG OBJECTEXTEND PRINT(.\Listings\flash.lst) TABS(2) OBJECT(.\Objects\flash.obj)

line level    source

   1          #include "mcu.h"
   2          #include <intrins.h>
   3          #include "flash.h"
   4          
   5          #ifndef __IAP_SFR_DEFINED__
   6          #define __IAP_SFR_DEFINED__
   7          sfr IAPCN   = 0xC5;
   8          sfr IAPFD   = 0xC6;
   9          sfr IAPAH   = 0xC7;
  10          sfr IAPAL   = 0xC8;
  11          sfr IAPTRG  = 0xC9;
  12          #endif
  13          
  14          void flash_write_byte(unsigned int address, unsigned char value)
  15          {
  16   1          // Erase page
  17   1          IAPAL = (unsigned char)(address & 0xFF); //high
  18   1          IAPAH = (unsigned char)(address >> 8); //low
  19   1          IAPFD = 0xFF;
  20   1          IAPCN = 0x22;
  21   1      
  22   1          EAL = 0; //disable ngat toan cuc
  23   1          IAPTRG = 0x01;
  24   1          _nop_(); _nop_();
  25   1          EAL = 1; 
  26   1      
  27   1          // Program byte
  28   1          IAPAL = (unsigned char)(address & 0xFF);
  29   1          IAPAH = (unsigned char)(address >> 8);
  30   1          IAPFD = value;
  31   1          IAPCN = 0x21;
  32   1      
  33   1          EAL = 0;
  34   1          IAPTRG = 0x01;
  35   1          _nop_(); _nop_(); //no operation
  36   1          EAL = 1;
  37   1      }
  38          
  39          unsigned char flash_read_byte(unsigned int address)
  40          {
  41   1          unsigned char value;
  42   1      
  43   1          IAPAL = (unsigned char)(address & 0xFF);
  44   1          IAPAH = (unsigned char)(address >> 8);
  45   1          IAPCN = 0x00;
  46   1      
  47   1          IAPTRG = 0x01;
  48   1          _nop_(); _nop_();
  49   1      
  50   1          value = IAPFD;
  51   1          return value;
  52   1      }
C51 COMPILER V9.60.7.0   FLASH                                                             09/06/2025 12:39:13 PAGE 2   

  53          
  54          void flash_save_alarm_time(unsigned char hour, unsigned char minute)
  55          {
  56   1          flash_write_byte(ALARM_FLASH_ADDR_HOUR, hour);
  57   1          flash_write_byte(ALARM_FLASH_ADDR_MINUTE, minute);
  58   1      }
  59          
  60          void flash_read_alarm_time(unsigned char* hour, unsigned char* minute)
  61          {
  62   1          *hour = flash_read_byte(ALARM_FLASH_ADDR_HOUR);
  63   1          *minute = flash_read_byte(ALARM_FLASH_ADDR_MINUTE);
  64   1      
  65   1          if (*hour > 23) *hour = 0;
  66   1          if (*minute > 59) *minute = 0;
  67   1      }


MODULE INFORMATION:   STATIC OVERLAYABLE
   CODE SIZE        =    153    ----
   CONSTANT SIZE    =   ----    ----
   XDATA SIZE       =   ----    ----
   PDATA SIZE       =   ----    ----
   DATA SIZE        =   ----       6
   IDATA SIZE       =   ----    ----
   BIT SIZE         =   ----    ----
END OF MODULE INFORMATION.


C51 COMPILATION COMPLETE.  0 WARNING(S),  0 ERROR(S)
