BL51 BANKED LINKER/LOCATER V6.22.4.0                                                    07/19/2025  12:15:26  PAGE 1


BL51 BANKED LINKER/LOCATER V6.22.4.0, INVOKED BY:
C:\KEIL_V5\C51\BIN\BL51.EXE .\Objects\STARTUP.obj, .\Objects\OPTIONS_SN8F5708.obj, .\Objects\main.obj, .\Objects\exint.o
>> bj, .\Objects\7segment_led.obj, .\Objects\timer0.obj, .\Objects\pwm.obj, .\Objects\led.obj, .\Objects\flash.obj TO .\
>> Objects\key_demo PRINT (.\Listings\key_demo.m51) RAMSIZE (256)


MEMORY MODEL: SMALL


INPUT MODULES INCLUDED:
  .\Objects\STARTUP.obj (?C_STARTUP)
  .\Objects\OPTIONS_SN8F5708.obj (OPTIONS_SN8F5708)
  .\Objects\main.obj (MAIN)
  .\Objects\exint.obj (EXINT)
  .\Objects\7segment_led.obj (7SEGMENT_LED)
  .\Objects\timer0.obj (TIMER0)
  .\Objects\pwm.obj (PWM)
  .\Objects\led.obj (LED)
  .\Objects\flash.obj (FLASH)
  C:\KEIL_V5\C51\LIB\C51S.LIB (?C_INIT)
  C:\KEIL_V5\C51\LIB\C51S.LIB (?C?CLDPTR)
  C:\KEIL_V5\C51\LIB\C51S.LIB (?C?CSTPTR)
  C:\KEIL_V5\C51\LIB\C51S.LIB (?C?UIDIV)
  C:\KEIL_V5\C51\LIB\C51S.LIB (?C?SLDIV)
  C:\KEIL_V5\C51\LIB\C51S.LIB (?C?SLSHR)
  C:\KEIL_V5\C51\LIB\C51S.LIB (?C?ULDIV)


LINK MAP OF MODULE:  .\Objects\key_demo (?C_STARTUP)


            TYPE    BASE      LENGTH    RELOCATION   SEGMENT NAME
            -----------------------------------------------------

            * * * * * * *   D A T A   M E M O R Y   * * * * * * *
            REG     0000H     0008H     ABSOLUTE     "REG BANK 0"
            DATA    0008H     0009H     UNIT         ?DT?MAIN
            DATA    0011H     0007H     UNIT         _DATA_GROUP_
            DATA    0018H     0005H     UNIT         ?DT?7SEGMENT_LED
            DATA    001DH     0003H     UNIT         ?DT?PWM
            BIT     0020H.0   0000H.4   UNIT         ?BI?MAIN
            BIT     0020H.4   0000H.1   UNIT         ?BI?TIMER0
                    0020H.5   0000H.3                *** GAP ***
            DATA    0021H     0004H     UNIT         ?DT?TIMER0
            IDATA   0025H     0001H     UNIT         ?STACK

            * * * * * * *   C O D E   M E M O R Y   * * * * * * *
            CODE    0000H     0003H     ABSOLUTE     
            CODE    0003H     0003H     ABSOLUTE     
                    0006H     0005H                  *** GAP ***
            CODE    000BH     0003H     ABSOLUTE     
                    000EH     001DH                  *** GAP ***
            CODE    002BH     0003H     ABSOLUTE     
                    002EH     07D2H                  *** GAP ***
            CODE    0800H     0162H     UNIT         ?C?LIB_CODE
            CODE    0962H     015CH     UNIT         ?PR?INT0_ISR?EXINT
            CODE    0ABEH     00D7H     UNIT         ?PR?MAIN?MAIN
            CODE    0B95H     008CH     UNIT         ?C_C51STARTUP
BL51 BANKED LINKER/LOCATER V6.22.4.0                                                  07/19/2025  12:15:26  PAGE 2


            CODE    0C21H     0089H     UNIT         ?PR?TIMER0_ISR?TIMER0
            CODE    0CAAH     007AH     UNIT         ?PR?_BUZZER_FRE_SET?PWM
            CODE    0D24H     004BH     UNIT         ?PR?_FLASH_READ_ALARM_TIME?FLASH
            CODE    0D6FH     0044H     UNIT         ?C?LDIV
            CODE    0DB3H     003FH     UNIT         ?PR?UPDATE_BUZZER_ALARM?MAIN
            CODE    0DF2H     003AH     UNIT         ?PR?SEGMENT_LED_SCAN?7SEGMENT_LED
            CODE    0E2CH     002CH     UNIT         ?PR?_FLASH_WRITE_BYTE?FLASH
            CODE    0E58H     002BH     UNIT         ?C_INITSEG
            CODE    0E83H     002AH     UNIT         ?PR?_SEGMENT_DISPLAY_TIME?7SEGMENT_LED
            CODE    0EADH     002AH     UNIT         ?PR?_SEGMENT_DISPLAY_HOUR?7SEGMENT_LED
            CODE    0ED7H     002AH     UNIT         ?PR?_SEGMENT_DISPLAY_MINUTE?7SEGMENT_LED
            CODE    0F01H     0023H     UNIT         ?PR?_DELAY_MS?MAIN
            CODE    0F24H     001CH     UNIT         ?PR?CHECK_ALARM_TRIGGER?MAIN
            CODE    0F40H     0015H     UNIT         ?PR?BUZZER_PWM_CONFIG?PWM
            CODE    0F55H     0014H     UNIT         ?CO?PWM
            CODE    0F69H     0013H     UNIT         ?PR?TIMER0_CONFIG?TIMER0
            CODE    0F7CH     0012H     UNIT         ?PR?_FLASH_SAVE_ALARM_TIME?FLASH
            CODE    0F8EH     0010H     UNIT         ?CO?7SEGMENT_LED
            CODE    0F9EH     0010H     UNIT         ?PR?_FLASH_READ_BYTE?FLASH
            CODE    0FAEH     000EH     UNIT         ?PR?INT0_CONFIG?EXINT
            CODE    0FBCH     000EH     UNIT         ?PR?T2COM0INTERRUPT?PWM
            CODE    0FCAH     000DH     UNIT         ?PR?SEGMENT_LED_CONFIG?7SEGMENT_LED
            CODE    0FD7H     0009H     UNIT         ?PR?_LED_CTR?LED
            CODE    0FE0H     0007H     UNIT         ?PR?LED_CONFIG?LED
            CODE    0FE7H     0006H     UNIT         ?PR?SEGMENT_CLEAR_HOUR?7SEGMENT_LED
            CODE    0FEDH     0006H     UNIT         ?PR?SEGMENT_CLEAR_MINUTE?7SEGMENT_LED
            CODE    0FF3H     0006H     UNIT         ?PR?BUZZER_OFF?PWM
                    0FF9H     3002H                  *** GAP ***
            CODE    3FFBH     0005H     ABSOLUTE     



OVERLAY MAP OF MODULE:   .\Objects\key_demo (?C_STARTUP)


SEGMENT                                            DATA_GROUP 
  +--> CALLED SEGMENT                            START    LENGTH
----------------------------------------------------------------
?C_C51STARTUP                                    -----    -----
  +--> ?PR?MAIN?MAIN
  +--> ?C_INITSEG

?PR?MAIN?MAIN                                    -----    -----
  +--> ?PR?INT0_CONFIG?EXINT
  +--> ?PR?SEGMENT_LED_CONFIG?7SEGMENT_LED
  +--> ?PR?TIMER0_CONFIG?TIMER0
  +--> ?PR?LED_CONFIG?LED
  +--> ?PR?_FLASH_READ_ALARM_TIME?FLASH
  +--> ?PR?CHECK_ALARM_TRIGGER?MAIN
  +--> ?PR?UPDATE_BUZZER_ALARM?MAIN
  +--> ?PR?BUZZER_PWM_CONFIG?PWM
  +--> ?PR?_DELAY_MS?MAIN
  +--> ?PR?BUZZER_OFF?PWM
  +--> ?PR?_SEGMENT_DISPLAY_TIME?7SEGMENT_LED
  +--> ?PR?_SEGMENT_DISPLAY_HOUR?7SEGMENT_LED
  +--> ?PR?SEGMENT_CLEAR_HOUR?7SEGMENT_LED
  +--> ?PR?_SEGMENT_DISPLAY_MINUTE?7SEGMENT_LED
BL51 BANKED LINKER/LOCATER V6.22.4.0                                                  07/19/2025  12:15:26  PAGE 3


  +--> ?PR?SEGMENT_CLEAR_MINUTE?7SEGMENT_LED
  +--> ?PR?_LED_CTR?LED
  +--> ?PR?SEGMENT_LED_SCAN?7SEGMENT_LED

?PR?_FLASH_READ_ALARM_TIME?FLASH                 0011H    0006H
  +--> ?PR?_FLASH_READ_BYTE?FLASH

?PR?UPDATE_BUZZER_ALARM?MAIN                     -----    -----
  +--> ?PR?BUZZER_OFF?PWM
  +--> ?PR?BUZZER_PWM_CONFIG?PWM

?PR?BUZZER_PWM_CONFIG?PWM                        -----    -----
  +--> ?PR?_BUZZER_FRE_SET?PWM

?PR?_BUZZER_FRE_SET?PWM                          -----    -----
  +--> ?CO?PWM

?PR?_SEGMENT_DISPLAY_TIME?7SEGMENT_LED           -----    -----
  +--> ?CO?7SEGMENT_LED

?PR?_SEGMENT_DISPLAY_HOUR?7SEGMENT_LED           -----    -----
  +--> ?CO?7SEGMENT_LED

?PR?_SEGMENT_DISPLAY_MINUTE?7SEGMENT_LED         -----    -----
  +--> ?CO?7SEGMENT_LED

*** NEW ROOT ***************************************************

?PR?INT0_ISR?EXINT                               0017H    0001H
  +--> ?PR?_FLASH_SAVE_ALARM_TIME?FLASH
  +--> ?PR?_LED_CTR?LED

?PR?_FLASH_SAVE_ALARM_TIME?FLASH                 -----    -----
  +--> ?PR?_FLASH_WRITE_BYTE?FLASH



SYMBOL TABLE OF MODULE:  .\Objects\key_demo (?C_STARTUP)

  VALUE           TYPE          NAME
  ----------------------------------

  -------         MODULE        ?C_STARTUP
  C:0B95H         SEGMENT       ?C_C51STARTUP
  I:0025H         SEGMENT       ?STACK
  C:0000H         PUBLIC        ?C_STARTUP
  D:00E0H         SYMBOL        ACC
  D:00F0H         SYMBOL        B
  D:0083H         SYMBOL        DPH
  D:0082H         SYMBOL        DPL
  N:0000H         SYMBOL        IBPSTACK
  N:0100H         SYMBOL        IBPSTACKTOP
  N:0100H         SYMBOL        IDATALEN
  C:0B98H         SYMBOL        IDATALOOP
  N:0000H         SYMBOL        PBPSTACK
  N:0100H         SYMBOL        PBPSTACKTOP
  N:0000H         SYMBOL        PDATALEN
BL51 BANKED LINKER/LOCATER V6.22.4.0                                                  07/19/2025  12:15:26  PAGE 4


  N:0000H         SYMBOL        PDATASTART
  N:0000H         SYMBOL        PPAGE
  N:0000H         SYMBOL        PPAGEENABLE
  D:00A0H         SYMBOL        PPAGE_SFR
  D:0081H         SYMBOL        SP
  C:0B95H         SYMBOL        STARTUP1
  N:0000H         SYMBOL        XBPSTACK
  N:0000H         SYMBOL        XBPSTACKTOP
  N:0000H         SYMBOL        XDATALEN
  N:0000H         SYMBOL        XDATASTART
  C:0000H         LINE#         126
  C:0B95H         LINE#         133
  C:0B97H         LINE#         134
  C:0B98H         LINE#         135
  C:0B99H         LINE#         136
  C:0B9BH         LINE#         185
  C:0B9EH         LINE#         196
  -------         ENDMOD        ?C_STARTUP

  -------         MODULE        OPTIONS_SN8F5708
  N:000EH         SYMBOL        CLOCKSRC_SET
  N:0006H         SYMBOL        LVDMODE_SET
  N:0001H         SYMBOL        NOISEFILT_SET
  N:0010H         SYMBOL        RESETPIN_SET
  N:0001H         SYMBOL        SECURITY_SET
  N:00C0H         SYMBOL        WATCHCLK_SET
  N:0050H         SYMBOL        WATCHDOG_SET
  -------         ENDMOD        OPTIONS_SN8F5708

  -------         MODULE        MAIN
  C:0000H         SYMBOL        _ICE_DUMMY_
  C:0DB3H         PUBLIC        update_buzzer_alarm
  D:0080H         PUBLIC        P0
  D:0090H         PUBLIC        P1
  D:00A0H         PUBLIC        P2
  D:00B0H         PUBLIC        P3
  D:00E8H         PUBLIC        P4
  D:00F8H         PUBLIC        P5
  D:0008H         PUBLIC        alarm_minute
  D:00A8H         PUBLIC        IEN0
  D:00B8H         PUBLIC        IEN1
  D:0009H         PUBLIC        minute
  D:00D8H         PUBLIC        S0CON2
  B:0020H.0       PUBLIC        blink_state
  D:000AH         PUBLIC        alarm_buzz_counter
  C:0ABEH         PUBLIC        main
  D:000CH         PUBLIC        mode
  D:00E6H         PUBLIC        CLKCMD
  D:000DH         PUBLIC        alarm_hour
  B:0020H.1       PUBLIC        alarm_triggered
  D:0088H         PUBLIC        TCON
  D:000EH         PUBLIC        prev_minute
  D:000FH         PUBLIC        hour
  D:00E5H         PUBLIC        CLKSEL
  D:0086H         PUBLIC        WDTR
  B:0020H.2       PUBLIC        buzz_flag
  C:0F24H         PUBLIC        check_alarm_trigger
BL51 BANKED LINKER/LOCATER V6.22.4.0                                                  07/19/2025  12:15:26  PAGE 5


  C:0F01H         PUBLIC        _delay_ms
  D:0010H         PUBLIC        prev_hour
  D:0098H         PUBLIC        S0CON
  D:00C8H         PUBLIC        T2CON
  B:0020H.3       PUBLIC        buzzer_on_state
  D:008EH         PUBLIC        CKCON
  D:00D0H         PUBLIC        PSW
  D:00C0H         PUBLIC        IRCON
  -------         PROC          CHECK_ALARM_TRIGGER
  C:0F24H         LINE#         37
  C:0F24H         LINE#         38
  C:0F24H         LINE#         39
  C:0F36H         LINE#         40
  C:0F38H         LINE#         41
  C:0F3DH         LINE#         42
  C:0F3FH         LINE#         43
  C:0F3FH         LINE#         44
  -------         ENDPROC       CHECK_ALARM_TRIGGER
  -------         PROC          UPDATE_BUZZER_ALARM
  C:0DB3H         LINE#         48
  C:0DB3H         LINE#         49
  C:0DB6H         LINE#         50
  C:0DBEH         LINE#         51
  C:0DC7H         LINE#         52
  C:0DD6H         LINE#         53
  C:0DD9H         LINE#         54
  C:0DDCH         LINE#         55
  C:0DDEH         LINE#         56
  C:0DDFH         LINE#         58
  C:0DE2H         LINE#         59
  C:0DE4H         LINE#         60
  C:0DE4H         LINE#         61
  C:0DE4H         LINE#         62
  C:0DE5H         LINE#         64
  C:0DE7H         LINE#         65
  C:0DEAH         LINE#         66
  C:0DECH         LINE#         67
  C:0DF1H         LINE#         68
  C:0DF1H         LINE#         69
  C:0DF1H         LINE#         70
  -------         ENDPROC       UPDATE_BUZZER_ALARM
  -------         PROC          MAIN
  C:0ABEH         LINE#         74
  C:0ABEH         LINE#         75
  C:0ABEH         LINE#         76
  C:0AC1H         LINE#         77
  C:0AC4H         LINE#         78
  C:0AC7H         LINE#         79
  C:0ACAH         LINE#         80
  C:0ACDH         LINE#         81
  C:0AD0H         LINE#         82
  C:0AD3H         LINE#         83
  C:0AD6H         LINE#         84
  C:0AE8H         LINE#         85
  C:0AE8H         LINE#         86
  C:0AE8H         LINE#         87
  C:0AEEH         LINE#         88
BL51 BANKED LINKER/LOCATER V6.22.4.0                                                  07/19/2025  12:15:26  PAGE 6


  C:0AF1H         LINE#         89
  C:0AF4H         LINE#         90
  C:0AF4H         LINE#         91
  C:0AF7H         LINE#         92
  C:0AFAH         LINE#         93
  C:0AFDH         LINE#         94
  C:0B04H         LINE#         95
  C:0B07H         LINE#         96
  C:0B09H         LINE#         97
  C:0B09H         LINE#         98
  C:0B1BH         LINE#         99
  C:0B1BH         LINE#         100
  C:0B22H         LINE#         101
  C:0B24H         LINE#         102
  C:0B30H         LINE#         103
  C:0B33H         LINE#         104
  C:0B35H         LINE#         105
  C:0B41H         LINE#         106
  C:0B44H         LINE#         107
  C:0B46H         LINE#         108
  C:0B52H         LINE#         109
  C:0B55H         LINE#         110
  C:0B5CH         LINE#         111
  C:0B5FH         LINE#         112
  C:0B61H         LINE#         113
  C:0B6DH         LINE#         114
  C:0B70H         LINE#         115
  C:0B77H         LINE#         116
  C:0B7EH         LINE#         117
  C:0B7EH         LINE#         118
  C:0B7EH         LINE#         119
  C:0B81H         LINE#         120
  C:0B88H         LINE#         121
  C:0B8BH         LINE#         122
  C:0B92H         LINE#         123
  -------         ENDPROC       MAIN
  -------         PROC          _DELAY_MS
  D:0006H         SYMBOL        ms
  -------         DO            
  D:0004H         SYMBOL        i
  D:0002H         SYMBOL        j
  -------         ENDDO         
  C:0F01H         LINE#         128
  C:0F01H         LINE#         129
  C:0F01H         LINE#         131
  C:0F04H         LINE#         132
  C:0F04H         LINE#         133
  C:0F07H         LINE#         134
  C:0F18H         LINE#         135
  C:0F23H         LINE#         136
  -------         ENDPROC       _DELAY_MS
  -------         ENDMOD        MAIN

  -------         MODULE        EXINT
  C:0000H         SYMBOL        _ICE_DUMMY_
  D:0080H         PUBLIC        P0
  D:0090H         PUBLIC        P1
BL51 BANKED LINKER/LOCATER V6.22.4.0                                                  07/19/2025  12:15:26  PAGE 7


  D:00A0H         PUBLIC        P2
  D:00B0H         PUBLIC        P3
  D:00E8H         PUBLIC        P4
  D:00F8H         PUBLIC        P5
  D:00A8H         PUBLIC        IEN0
  D:00B8H         PUBLIC        IEN1
  D:00D8H         PUBLIC        S0CON2
  C:0962H         PUBLIC        int0_isr
  D:0088H         PUBLIC        TCON
  B:00A0H.4       PUBLIC        P24
  B:00A0H.5       PUBLIC        P25
  B:00E8H.4       PUBLIC        P44
  B:00A0H.7       PUBLIC        P27
  B:00E8H.7       PUBLIC        P47
  B:00A8H.0       PUBLIC        EX0
  D:00FDH         PUBLIC        P4M
  B:00A8H.7       PUBLIC        EAL
  C:0FAEH         PUBLIC        int0_config
  D:0098H         PUBLIC        S0CON
  D:008FH         PUBLIC        PEDGE
  D:00C8H         PUBLIC        T2CON
  D:00D0H         PUBLIC        PSW
  D:00C0H         PUBLIC        IRCON
  -------         PROC          INT0_CONFIG
  C:0FAEH         LINE#         37
  C:0FAEH         LINE#         38
  C:0FAEH         LINE#         39
  C:0FB1H         LINE#         40
  C:0FB4H         LINE#         42
  C:0FB7H         LINE#         43
  C:0FB9H         LINE#         44
  C:0FBBH         LINE#         45
  -------         ENDPROC       INT0_CONFIG
  -------         PROC          INT0_ISR
  -------         DO            
  D:0017H         SYMBOL        i
  -------         ENDDO         
  C:0962H         LINE#         55
  C:097FH         LINE#         58
  C:0982H         LINE#         59
  C:0984H         LINE#         60
  C:0987H         LINE#         61
  C:0989H         LINE#         63
  C:0993H         LINE#         64
  C:0996H         LINE#         65
  C:0996H         LINE#         66
  C:099AH         LINE#         67
  C:099AH         LINE#         68
  C:099DH         LINE#         69
  C:09A0H         LINE#         70
  C:09A3H         LINE#         71
  C:09A5H         LINE#         72
  C:09AAH         LINE#         73
  C:09AFH         LINE#         74
  C:09B4H         LINE#         75
  C:09B7H         LINE#         76
  C:09B7H         LINE#         77
BL51 BANKED LINKER/LOCATER V6.22.4.0                                                  07/19/2025  12:15:26  PAGE 8


  C:09C1H         LINE#         78
  C:09C4H         LINE#         79
  C:09C4H         LINE#         80
  C:09CDH         LINE#         81
  C:09D7H         LINE#         82
  C:09DCH         LINE#         83
  C:09DCH         LINE#         84
  C:09E3H         LINE#         85
  C:09E6H         LINE#         86
  C:09EDH         LINE#         87
  C:09EDH         LINE#         88
  C:09EDH         LINE#         89
  C:09EFH         LINE#         91
  C:09F1H         LINE#         92
  C:09FBH         LINE#         93
  C:09FEH         LINE#         94
  C:09FEH         LINE#         95
  C:0A03H         LINE#         96
  C:0A03H         LINE#         97
  C:0A05H         LINE#         98
  C:0A0CH         LINE#         99
  C:0A0FH         LINE#         100
  C:0A11H         LINE#         101
  C:0A16H         LINE#         102
  C:0A16H         LINE#         103
  C:0A18H         LINE#         104
  C:0A1FH         LINE#         105
  C:0A22H         LINE#         106
  C:0A24H         LINE#         107
  C:0A29H         LINE#         108
  C:0A29H         LINE#         110
  C:0A2BH         LINE#         111
  C:0A32H         LINE#         112
  C:0A35H         LINE#         113
  C:0A37H         LINE#         114
  C:0A3CH         LINE#         115
  C:0A3CH         LINE#         117
  C:0A3EH         LINE#         118
  C:0A45H         LINE#         119
  C:0A48H         LINE#         120
  C:0A48H         LINE#         122
  C:0A48H         LINE#         123
  C:0A52H         LINE#         124
  C:0A55H         LINE#         125
  C:0A55H         LINE#         126
  C:0A5AH         LINE#         127
  C:0A5AH         LINE#         128
  C:0A5EH         LINE#         129
  C:0A63H         LINE#         130
  C:0A65H         LINE#         131
  C:0A67H         LINE#         132
  C:0A6CH         LINE#         133
  C:0A6CH         LINE#         134
  C:0A70H         LINE#         135
  C:0A75H         LINE#         136
  C:0A77H         LINE#         137
  C:0A79H         LINE#         138
BL51 BANKED LINKER/LOCATER V6.22.4.0                                                  07/19/2025  12:15:26  PAGE 9


  C:0A7EH         LINE#         139
  C:0A7EH         LINE#         140
  C:0A82H         LINE#         141
  C:0A87H         LINE#         142
  C:0A89H         LINE#         143
  C:0A8BH         LINE#         144
  C:0A90H         LINE#         145
  C:0A90H         LINE#         146
  C:0A94H         LINE#         147
  C:0A99H         LINE#         148
  C:0A9BH         LINE#         149
  C:0A9BH         LINE#         150
  C:0A9BH         LINE#         151
  C:0A9DH         LINE#         152
  C:0AA0H         LINE#         153
  C:0AA3H         LINE#         154
  -------         ENDPROC       INT0_ISR
  -------         ENDMOD        EXINT

  -------         MODULE        7SEGMENT_LED
  C:0000H         SYMBOL        _ICE_DUMMY_
  D:0080H         PUBLIC        P0
  D:0090H         PUBLIC        P1
  D:00A0H         PUBLIC        P2
  D:00B0H         PUBLIC        P3
  C:0FE7H         PUBLIC        segment_clear_hour
  D:00E8H         PUBLIC        P4
  D:00F8H         PUBLIC        P5
  D:00A8H         PUBLIC        IEN0
  D:00B8H         PUBLIC        IEN1
  C:0DF2H         PUBLIC        segment_led_scan
  D:00D8H         PUBLIC        S0CON2
  C:0F8EH         PUBLIC        numble_tab
  B:00F8H.0       PUBLIC        P50
  D:0088H         PUBLIC        TCON
  B:00F8H.1       PUBLIC        P51
  B:00F8H.2       PUBLIC        P52
  B:00F8H.3       PUBLIC        P53
  D:0019H         PUBLIC        led_buff
  C:0ED7H         PUBLIC        _segment_display_minute
  D:00FCH         PUBLIC        P3M
  D:00FEH         PUBLIC        P5M
  C:0FEDH         PUBLIC        segment_clear_minute
  D:0098H         PUBLIC        S0CON
  C:0E83H         PUBLIC        _segment_display_time
  D:00C8H         PUBLIC        T2CON
  C:0FCAH         PUBLIC        segment_led_config
  C:0EADH         PUBLIC        _segment_display_hour
  D:00D0H         PUBLIC        PSW
  D:00C0H         PUBLIC        IRCON
  -------         PROC          SEGMENT_LED_CONFIG
  C:0FCAH         LINE#         12
  C:0FCAH         LINE#         13
  C:0FCAH         LINE#         14
  C:0FCDH         LINE#         15
  C:0FD0H         LINE#         16
  C:0FD3H         LINE#         17
BL51 BANKED LINKER/LOCATER V6.22.4.0                                                  07/19/2025  12:15:26  PAGE 10


  C:0FD6H         LINE#         18
  -------         ENDPROC       SEGMENT_LED_CONFIG
  -------         PROC          SEGMENT_LED_SCAN
  -------         DO            
  D:0018H         SYMBOL        cnt
  -------         ENDDO         
  C:0DF2H         LINE#         22
  C:0DF2H         LINE#         23
  C:0DF2H         LINE#         25
  C:0DF4H         LINE#         26
  C:0DF6H         LINE#         27
  C:0DF8H         LINE#         28
  C:0DFAH         LINE#         29
  C:0E09H         LINE#         30
  C:0E09H         LINE#         31
  C:0E0DH         LINE#         32
  C:0E11H         LINE#         33
  C:0E15H         LINE#         34
  C:0E17H         LINE#         35
  C:0E17H         LINE#         36
  C:0E1FH         LINE#         37
  C:0E28H         LINE#         38
  C:0E2BH         LINE#         39
  -------         ENDPROC       SEGMENT_LED_SCAN
  -------         PROC          _SEGMENT_DISPLAY_TIME
  D:0007H         SYMBOL        hour
  D:0005H         SYMBOL        minute
  C:0E83H         LINE#         44
  C:0E83H         LINE#         45
  C:0E83H         LINE#         46
  C:0E8EH         LINE#         47
  C:0E9AH         LINE#         48
  C:0EA2H         LINE#         49
  C:0EACH         LINE#         50
  -------         ENDPROC       _SEGMENT_DISPLAY_TIME
  -------         PROC          _SEGMENT_DISPLAY_HOUR
  D:0007H         SYMBOL        hour
  D:0005H         SYMBOL        minute
  C:0EADH         LINE#         54
  C:0EADH         LINE#         55
  C:0EADH         LINE#         56
  C:0EB8H         LINE#         57
  C:0EC4H         LINE#         58
  C:0ECCH         LINE#         59
  C:0ED6H         LINE#         60
  -------         ENDPROC       _SEGMENT_DISPLAY_HOUR
  -------         PROC          SEGMENT_CLEAR_HOUR
  C:0FE7H         LINE#         64
  C:0FE7H         LINE#         65
  C:0FE7H         LINE#         66
  C:0FEAH         LINE#         67
  C:0FECH         LINE#         68
  -------         ENDPROC       SEGMENT_CLEAR_HOUR
  -------         PROC          _SEGMENT_DISPLAY_MINUTE
  D:0007H         SYMBOL        hour
  D:0005H         SYMBOL        minute
  C:0ED7H         LINE#         72
BL51 BANKED LINKER/LOCATER V6.22.4.0                                                  07/19/2025  12:15:26  PAGE 11


  C:0ED7H         LINE#         73
  C:0ED7H         LINE#         74
  C:0EE2H         LINE#         75
  C:0EEEH         LINE#         76
  C:0EF6H         LINE#         77
  C:0F00H         LINE#         78
  -------         ENDPROC       _SEGMENT_DISPLAY_MINUTE
  -------         PROC          SEGMENT_CLEAR_MINUTE
  C:0FEDH         LINE#         82
  C:0FEDH         LINE#         83
  C:0FEDH         LINE#         84
  C:0FF0H         LINE#         85
  C:0FF2H         LINE#         86
  -------         ENDPROC       SEGMENT_CLEAR_MINUTE
  -------         ENDMOD        7SEGMENT_LED

  -------         MODULE        TIMER0
  C:0000H         SYMBOL        _ICE_DUMMY_
  D:0080H         PUBLIC        P0
  D:0090H         PUBLIC        P1
  D:00A0H         PUBLIC        P2
  D:00B0H         PUBLIC        P3
  D:00E8H         PUBLIC        P4
  C:0C21H         PUBLIC        timer0_isr
  D:00F8H         PUBLIC        P5
  D:00A8H         PUBLIC        IEN0
  D:00B8H         PUBLIC        IEN1
  D:00D8H         PUBLIC        S0CON2
  D:0021H         PUBLIC        count_blink
  C:0F69H         PUBLIC        timer0_config
  D:0022H         PUBLIC        count_1s
  D:0089H         PUBLIC        TMOD
  D:0088H         PUBLIC        TCON
  B:00A8H.1       PUBLIC        ET0
  D:008CH         PUBLIC        TH0
  D:008AH         PUBLIC        TL0
  B:00A8H.7       PUBLIC        EAL
  B:0088H.4       PUBLIC        TR0
  B:0020H.4       PUBLIC        timeout_enable
  D:0098H         PUBLIC        S0CON
  D:00E7H         PUBLIC        TCON0
  D:00C8H         PUBLIC        T2CON
  D:0023H         PUBLIC        timeout_counter
  D:00D0H         PUBLIC        PSW
  D:00C0H         PUBLIC        IRCON
  -------         PROC          TIMER0_CONFIG
  C:0F69H         LINE#         20
  C:0F69H         LINE#         21
  C:0F69H         LINE#         22
  C:0F6CH         LINE#         23
  C:0F6FH         LINE#         24
  C:0F72H         LINE#         25
  C:0F75H         LINE#         26
  C:0F77H         LINE#         27
  C:0F79H         LINE#         28
  C:0F7BH         LINE#         29
  -------         ENDPROC       TIMER0_CONFIG
BL51 BANKED LINKER/LOCATER V6.22.4.0                                                  07/19/2025  12:15:26  PAGE 12


  -------         PROC          TIMER0_ISR
  C:0C21H         LINE#         34
  C:0C25H         LINE#         37
  C:0C28H         LINE#         38
  C:0C2BH         LINE#         39
  C:0C34H         LINE#         40
  C:0C37H         LINE#         41
  C:0C39H         LINE#         42
  C:0C39H         LINE#         43
  C:0C3DH         LINE#         44
  C:0C46H         LINE#         45
  C:0C49H         LINE#         46
  C:0C4BH         LINE#         47
  C:0C52H         LINE#         48
  C:0C55H         LINE#         49
  C:0C57H         LINE#         50
  C:0C5EH         LINE#         51
  C:0C61H         LINE#         52
  C:0C61H         LINE#         53
  C:0C61H         LINE#         54
  C:0C61H         LINE#         55
  C:0C78H         LINE#         56
  C:0C7CH         LINE#         58
  C:0C7EH         LINE#         59
  C:0C84H         LINE#         60
  C:0C84H         LINE#         61
  C:0C87H         LINE#         62
  C:0C8FH         LINE#         63
  C:0C98H         LINE#         64
  C:0C9AH         LINE#         65
  C:0CA0H         LINE#         66
  C:0CA3H         LINE#         67
  C:0CA5H         LINE#         68
  C:0CA5H         LINE#         69
  C:0CA5H         LINE#         70
  -------         ENDPROC       TIMER0_ISR
  -------         ENDMOD        TIMER0

  -------         MODULE        PWM
  C:0000H         SYMBOL        _ICE_DUMMY_
  D:0080H         PUBLIC        P0
  D:0090H         PUBLIC        P1
  D:00A0H         PUBLIC        P2
  D:00B0H         PUBLIC        P3
  D:00E8H         PUBLIC        P4
  D:00F8H         PUBLIC        P5
  C:0F55H         PUBLIC        musical_tab
  D:00A8H         PUBLIC        IEN0
  D:00B8H         PUBLIC        IEN1
  D:00D8H         PUBLIC        S0CON2
  D:00C1H         PUBLIC        CCEN
  D:00CBH         PUBLIC        CRCH
  D:00CAH         PUBLIC        CRCL
  D:001DH         PUBLIC        t2_load_value
  D:0088H         PUBLIC        TCON
  C:0F40H         PUBLIC        buzzer_pwm_config
  C:0FF3H         PUBLIC        buzzer_off
BL51 BANKED LINKER/LOCATER V6.22.4.0                                                  07/19/2025  12:15:26  PAGE 13


  B:00A8H.5       PUBLIC        ET2
  B:00C0H.6       PUBLIC        TF2
  D:00CDH         PUBLIC        TH2
  D:00CCH         PUBLIC        TL2
  D:0098H         PUBLIC        S0CON
  D:00C8H         PUBLIC        T2CON
  D:001FH         PUBLIC        i
  C:0FBCH         PUBLIC        T2COM0Interrupt
  C:0CAAH         PUBLIC        _buzzer_fre_set
  D:00D0H         PUBLIC        PSW
  D:00C0H         PUBLIC        IRCON
  -------         PROC          BUZZER_PWM_CONFIG
  C:0F40H         LINE#         11
  C:0F40H         LINE#         12
  C:0F40H         LINE#         13
  C:0F45H         LINE#         14
  C:0F48H         LINE#         15
  C:0F4BH         LINE#         16
  C:0F4FH         LINE#         17
  C:0F52H         LINE#         18
  C:0F54H         LINE#         19
  -------         ENDPROC       BUZZER_PWM_CONFIG
  -------         PROC          T2COM0INTERRUPT
  C:0FBCH         LINE#         20
  C:0FBEH         LINE#         22
  C:0FC2H         LINE#         23
  C:0FC5H         LINE#         24
  C:0FC7H         LINE#         25
  -------         ENDPROC       T2COM0INTERRUPT
  -------         PROC          _BUZZER_FRE_SET
  D:0007H         SYMBOL        lv
  C:0CAAH         LINE#         36
  C:0CAAH         LINE#         37
  C:0CAAH         LINE#         38
  C:0CBFH         LINE#         39
  C:0CFDH         LINE#         40
  C:0D23H         LINE#         41
  -------         ENDPROC       _BUZZER_FRE_SET
  -------         PROC          BUZZER_OFF
  C:0FF3H         LINE#         43
  C:0FF3H         LINE#         44
  C:0FF3H         LINE#         45
  C:0FF6H         LINE#         46
  C:0FF8H         LINE#         48
  -------         ENDPROC       BUZZER_OFF
  -------         ENDMOD        PWM

  -------         MODULE        LED
  C:0000H         SYMBOL        _ICE_DUMMY_
  D:0080H         PUBLIC        P0
  D:0090H         PUBLIC        P1
  D:00A0H         PUBLIC        P2
  D:00B0H         PUBLIC        P3
  D:00E8H         PUBLIC        P4
  D:00F8H         PUBLIC        P5
  D:00A8H         PUBLIC        IEN0
  D:00B8H         PUBLIC        IEN1
BL51 BANKED LINKER/LOCATER V6.22.4.0                                                  07/19/2025  12:15:26  PAGE 14


  C:0FE0H         PUBLIC        led_config
  D:00D8H         PUBLIC        S0CON2
  B:0080H.3       PUBLIC        P03
  D:0088H         PUBLIC        TCON
  D:00F9H         PUBLIC        P0M
  C:0FD7H         PUBLIC        _led_ctr
  D:0098H         PUBLIC        S0CON
  D:00C8H         PUBLIC        T2CON
  D:00D0H         PUBLIC        PSW
  D:00C0H         PUBLIC        IRCON
  -------         PROC          LED_CONFIG
  C:0FE0H         LINE#         13
  C:0FE0H         LINE#         14
  C:0FE0H         LINE#         15
  C:0FE3H         LINE#         16
  C:0FE6H         LINE#         17
  -------         ENDPROC       LED_CONFIG
  -------         PROC          _LED_CTR
  D:0007H         SYMBOL        led
  D:0005H         SYMBOL        cmd
  C:0FD7H         LINE#         27
  C:0FD7H         LINE#         28
  C:0FD7H         LINE#         29
  C:0FDAH         LINE#         30
  C:0FDAH         LINE#         31
  C:0FDFH         LINE#         33
  C:0FDFH         LINE#         34
  -------         ENDPROC       _LED_CTR
  -------         ENDMOD        LED

  -------         MODULE        FLASH
  C:0000H         SYMBOL        _ICE_DUMMY_
  D:0080H         PUBLIC        P0
  D:0090H         PUBLIC        P1
  D:00A0H         PUBLIC        P2
  D:00B0H         PUBLIC        P3
  D:00E8H         PUBLIC        P4
  D:00F8H         PUBLIC        P5
  D:00A8H         PUBLIC        IEN0
  D:00B8H         PUBLIC        IEN1
  C:0D24H         PUBLIC        _flash_read_alarm_time
  D:00D8H         PUBLIC        S0CON2
  C:0F7CH         PUBLIC        _flash_save_alarm_time
  C:0F9EH         PUBLIC        _flash_read_byte
  D:0088H         PUBLIC        TCON
  C:0E2CH         PUBLIC        _flash_write_byte
  D:00C9H         PUBLIC        IAPTRG
  B:00A8H.7       PUBLIC        EAL
  D:00C7H         PUBLIC        IAPAH
  D:0098H         PUBLIC        S0CON
  D:00C6H         PUBLIC        IAPFD
  D:00C8H         PUBLIC        T2CON
  D:00C8H         PUBLIC        IAPAL
  D:00C5H         PUBLIC        IAPCN
  D:00D0H         PUBLIC        PSW
  D:00C0H         PUBLIC        IRCON
  -------         PROC          _FLASH_WRITE_BYTE
BL51 BANKED LINKER/LOCATER V6.22.4.0                                                  07/19/2025  12:15:26  PAGE 15


  D:0002H         SYMBOL        address
  D:0005H         SYMBOL        value
  C:0E2CH         LINE#         14
  C:0E2EH         LINE#         15
  C:0E2EH         LINE#         17
  C:0E32H         LINE#         18
  C:0E36H         LINE#         19
  C:0E39H         LINE#         20
  C:0E3CH         LINE#         22
  C:0E3EH         LINE#         23
  C:0E41H         LINE#         24
  C:0E43H         LINE#         25
  C:0E45H         LINE#         28
  C:0E47H         LINE#         29
  C:0E49H         LINE#         30
  C:0E4BH         LINE#         31
  C:0E4EH         LINE#         33
  C:0E50H         LINE#         34
  C:0E53H         LINE#         35
  C:0E55H         LINE#         36
  C:0E57H         LINE#         37
  -------         ENDPROC       _FLASH_WRITE_BYTE
  -------         PROC          _FLASH_READ_BYTE
  D:0006H         SYMBOL        address
  -------         DO            
  D:0007H         SYMBOL        value
  -------         ENDDO         
  C:0F9EH         LINE#         39
  C:0F9EH         LINE#         40
  C:0F9EH         LINE#         43
  C:0FA1H         LINE#         44
  C:0FA3H         LINE#         45
  C:0FA6H         LINE#         47
  C:0FA9H         LINE#         48
  C:0FABH         LINE#         50
  C:0FADH         LINE#         51
  C:0FADH         LINE#         52
  -------         ENDPROC       _FLASH_READ_BYTE
  -------         PROC          _FLASH_SAVE_ALARM_TIME
  D:0005H         SYMBOL        hour
  D:0001H         SYMBOL        minute
  C:0F7CH         LINE#         54
  C:0F80H         LINE#         55
  C:0F80H         LINE#         56
  C:0F87H         LINE#         57
  -------         ENDPROC       _FLASH_SAVE_ALARM_TIME
  -------         PROC          _FLASH_READ_ALARM_TIME
  D:0011H         SYMBOL        hour
  D:0014H         SYMBOL        minute
  C:0D24H         LINE#         60
  C:0D2AH         LINE#         61
  C:0D2AH         LINE#         62
  C:0D3BH         LINE#         63
  C:0D4AH         LINE#         65
  C:0D5CH         LINE#         66
  C:0D6EH         LINE#         67
  -------         ENDPROC       _FLASH_READ_ALARM_TIME
BL51 BANKED LINKER/LOCATER V6.22.4.0                                                  07/19/2025  12:15:26  PAGE 16


  -------         ENDMOD        FLASH

  -------         MODULE        ?C?CLDPTR
  C:0800H         PUBLIC        ?C?CLDPTR
  -------         ENDMOD        ?C?CLDPTR

  -------         MODULE        ?C?CSTPTR
  C:0819H         PUBLIC        ?C?CSTPTR
  -------         ENDMOD        ?C?CSTPTR

  -------         MODULE        ?C?UIDIV
  C:082BH         PUBLIC        ?C?UIDIV
  -------         ENDMOD        ?C?UIDIV

  -------         MODULE        ?C?SLDIV
  C:0D6FH         PUBLIC        ?C?SLDIV
  -------         ENDMOD        ?C?SLDIV

  -------         MODULE        ?C?SLSHR
  C:0880H         PUBLIC        ?C?SLSHR
  -------         ENDMOD        ?C?SLSHR

  -------         MODULE        ?C?ULDIV
  C:08D0H         PUBLIC        ?C?ULDIV
  -------         ENDMOD        ?C?ULDIV

******************************************************************************
* RESTRICTED VERSION WITH 0800H BYTE CODE SIZE LIMIT; USED: 05E3H BYTE (73%) *
******************************************************************************

Program Size: data=37.5 xdata=0 code=2058
LINK/LOCATE RUN COMPLETE.  0 WARNING(S),  0 ERROR(S)
