C51 COMPILER V9.60.7.0   PWM                                                               09/06/2025 12:39:13 PAGE 1   


C51 COMPILER V9.60.7.0, COMPILATION OF MODULE PWM
OBJECT MODULE PLACED IN .\Objects\pwm.obj
COMPILER INVOKED BY: C:\Keil_v5\C51\BIN\C51.EXE Source\pwm.c OPTIMIZE(8,SPEED) BROWSE INCDIR(.\Source;.\Source;.\Source\
                    -Buzzer;.\Source\CHRG;.\Source\KEY;.\Source\Timer;.\Source\IIC;.\Source\USER;.\Source\SYS;.\Source\UART;.\Source\LCD;.\So
                    -urce\LED;.\Source\INC;.\Source\InfraRed;.\Source\ISP;.\Source\WS2811;.\Source\RF;.\Hardware\SN8F5702_Hardware\inc;.\Sour
                    -ce\AHT10) DEBUG OBJECTEXTEND PRINT(.\Listings\pwm.lst) TABS(2) OBJECT(.\Objects\pwm.obj)

line level    source

   1          #include "mcu.h"
   2          #include "pwm.h"
   3          
   4          
   5          code uint16_t musical_tab[10]= {63866,64033,64200,64367,64534,64701,64848,65035,65202,65369};  //0~F
   6          
   7          
   8          uint16_t t2_load_value;
   9          uint8_t i;
  10          
  11          void buzzer_pwm_config()
  12          {
  13   1        buzzer_fre_set(9);
  14   1        T2CON = 0x41;
  15   1        CCEN = 0X02;
  16   1        TH2 = t2_load_value>>8;
  17   1        TL2 = t2_load_value;
  18   1        ET2 = 1;
  19   1      }
  20          void T2COM0Interrupt(void) interrupt ISRTimer2 
  21          {
  22   1        TH2 = t2_load_value>>8;
  23   1        TL2 = t2_load_value;
  24   1        TF2 = 0;
  25   1      }
  26          /***********************************************************
  27          **Function name   :
  28          **
  29          **Input parameter : level 0-9
  30          **
  31          **Input parameter :
  32          **
  33          **Description     :buzzer Frequency setting
  34          ***********************************************************/
  35          
  36          void buzzer_fre_set(uint8_t lv)
  37          {
  38   1        t2_load_value = musical_tab[lv];
  39   1        CRCH =(t2_load_value +(65536-t2_load_value)/2) >> 8;
  40   1        CRCL =(t2_load_value +(65536-t2_load_value)/2);
  41   1      }
  42          
  43          void buzzer_off()
  44          {
  45   1          T2CON = 0x00;       // D?ng Timer2
  46   1          CCEN = 0x00;   // Ng?ng xu?t PWM
  47   1      
  48   1      }
  49          
  50          


C51 COMPILER V9.60.7.0   PWM                                                               09/06/2025 12:39:13 PAGE 2   

MODULE INFORMATION:   STATIC OVERLAYABLE
   CODE SIZE        =    163    ----
   CONSTANT SIZE    =     20    ----
   XDATA SIZE       =   ----    ----
   PDATA SIZE       =   ----    ----
   DATA SIZE        =      3    ----
   IDATA SIZE       =   ----    ----
   BIT SIZE         =   ----    ----
END OF MODULE INFORMATION.


C51 COMPILATION COMPLETE.  0 WARNING(S),  0 ERROR(S)
