C51 COMPILER V9.60.7.0   TIMER0                                                            09/06/2025 12:39:13 PAGE 1   


C51 COMPILER V9.60.7.0, COMPILATION OF MODULE TIMER0
OBJECT MODULE PLACED IN .\Objects\timer0.obj
COMPILER INVOKED BY: C:\Keil_v5\C51\BIN\C51.EXE Source\timer0.c OPTIMIZE(8,SPEED) BROWSE INCDIR(.\Source;.\Source;.\Sour
                    -ce\Buzzer;.\Source\CHRG;.\Source\KEY;.\Source\Timer;.\Source\IIC;.\Source\USER;.\Source\SYS;.\Source\UART;.\Source\LCD;.
                    -\Source\LED;.\Source\INC;.\Source\InfraRed;.\Source\ISP;.\Source\WS2811;.\Source\RF;.\Hardware\SN8F5702_Hardware\inc;.\S
                    -ource\AHT10) DEBUG OBJECTEXTEND PRINT(.\Listings\timer0.lst) TABS(2) OBJECT(.\Objects\timer0.obj)

line level    source

   1          #include "timer0.h"
   2          #include "7segment_led.h"
   3          #include "led.h"
   4          #include "pwm.h"
   5          #define MODE_NORMAL           0
   6          #define MODE_SET_HOUR         1
   7          #define MODE_SET_MINUTE       2
   8          #define MODE_SET_ALARM_HOUR   3
   9          #define MODE_SET_ALARM_MINUTE 4
  10          
  11          uint8_t count_blink;
  12          uint8_t count_1s;
  13          uint16_t timeout_counter = 0;
  14          bit timeout_enable = 0;
  15          extern bit blink_state, buzz_flag;
  16          extern uint8_t hour, minute, mode;
  17          /***********************************************************
  18          **Function name   :timer0_config()
  19          ***********************************************************/
  20          void timer0_config(void)
  21          {
  22   1        TMOD = 0x05;          //mode 1 16 bit timer0 
  23   1        TCON0 = 0x20;         // fexto /32 = 32MHZ/32
  24   1        TH0 = (65536 - 1000)>>8;             
  25   1        TL0 = (65536 - 1000);                 
  26   1        TR0 = 1;                      
  27   1        ET0 = 1;   
  28   1        EAL = 1;
  29   1      }
  30          
  31          /***********************************************************
  32          **Function name   :time0_isr
  33          ***********************************************************/
  34          void timer0_isr(void) interrupt ISRTimer0    // Vector @  0x0B
  35          {
  36   1        
  37   1        TH0 = (65536 - 50000)>>8;    //        
  38   1        TL0 = (65536 - 50000);     
  39   1        if(++count_blink > 10) // 50ms*10=0.5s
  40   1        { count_blink = 0;
  41   2          blink_state = !blink_state;
  42   2        }
  43   1        if(mode == MODE_NORMAL)
  44   1        { if(++count_1s > 20) // 50ms*20=1s
  45   2          { count_1s = 0; 
  46   3            minute++;
  47   3            if(minute > 59)
  48   3            { minute = 0; 
  49   4              hour++;
  50   4              if(hour > 23)
  51   4              {hour = 0;}
  52   4            }
C51 COMPILER V9.60.7.0   TIMER0                                                            09/06/2025 12:39:13 PAGE 2   

  53   3          }
  54   2        }
  55   1        if (mode == 1 || mode == 2 || mode == 3 || mode == 4)
  56   1        {timeout_enable = 1;}
  57   1        else
  58   1        { timeout_enable = 0;
  59   2          timeout_counter = 0;
  60   2        }
  61   1        if (timeout_enable)
  62   1        { timeout_counter++;
  63   2          if (timeout_counter >= 600) // 30s=600
  64   2          { timeout_enable = 0;
  65   3            timeout_counter = 0;
  66   3            mode = MODE_NORMAL;
  67   3            buzz_flag = 1;
  68   3          }
  69   2        }
  70   1      }


MODULE INFORMATION:   STATIC OVERLAYABLE
   CODE SIZE        =    156    ----
   CONSTANT SIZE    =   ----    ----
   XDATA SIZE       =   ----    ----
   PDATA SIZE       =   ----    ----
   DATA SIZE        =      4    ----
   IDATA SIZE       =   ----    ----
   BIT SIZE         =      1    ----
END OF MODULE INFORMATION.


C51 COMPILATION COMPLETE.  0 WARNING(S),  0 ERROR(S)
